// Jest Snapshot v1, https://goo.gl/fbAQLP

exports[`withFullScreenVideoPlayer is rendered correctly 1`] = `
<div>
  <video
    autoPlay={true}
    className="player__video"
  />
</div>
`;
