// Jest Snapshot v1, https://goo.gl/fbAQLP

exports[`Test Render App Render App 1`] = `null`;
