// Jest Snapshot v1, https://goo.gl/fbAQLP

exports[`Test Render MovieCard Render MovieCard 1`] = `
<video
  autoPlay={true}
  muted={true}
/>
`;
